\BOOKMARK [1][-]{section.1}{Tests\040for\040PDF\040Pipline}{}% 1
\BOOKMARK [1][-]{section.2}{Contents:}{}% 2
