\BOOKMARK [1][-]{section.1}{This\040is\040a\040test\040file\040for\040pdfs\040\(and\040a\040Generalization\)}{}% 1
\BOOKMARK [2][-]{subsection.1.1}{Contents}{section.1}% 2
\BOOKMARK [2][-]{subsection.1.2}{Notation}{section.1}% 3
\BOOKMARK [2][-]{subsection.1.3}{Model\040Ingredients\040and\040Assumptions\040\(test\040case\040for\040brackets\)}{section.1}% 4
\BOOKMARK [2][-]{subsection.1.4}{Dynamic\040Interpretation}{section.1}% 5
\BOOKMARK [3][-]{subsubsection.1.4.1}{Connection\040with\040Linear\040Programming\040\(LP\)}{subsection.1.4}% 6
\BOOKMARK [3][-]{subsubsection.1.4.2}{Testing\040Citations}{subsection.1.4}% 7
\BOOKMARK [3][-]{subsubsection.1.4.3}{Testing\040Inline\040Math}{subsection.1.4}% 8
